2025-11-03T13:21:28.446-06:00  INFO 3440 --- [GDOC Application] [JavaFX-Launcher] o.s.boot.SpringApplication               : Starting application using Java 21.0.8 with PID 3440 (started by Kevin Alexander in C:\Users\Kevin Alexander\Desktop\PROYECTO DEPA2)
2025-11-03T13:21:28.480-06:00  INFO 3440 --- [GDOC Application] [JavaFX-Launcher] o.s.boot.SpringApplication               : No active profile set, falling back to 1 default profile: "default"
2025-11-03T13:21:30.295-06:00  INFO 3440 --- [GDOC Application] [JavaFX-Launcher] .s.d.r.c.RepositoryConfigurationDelegate : Bootstrapping Spring Data JPA repositories in DEFAULT mode.
2025-11-03T13:21:30.526-06:00  INFO 3440 --- [GDOC Application] [JavaFX-Launcher] .s.d.r.c.RepositoryConfigurationDelegate : Finished Spring Data repository scanning in 210 ms. Found 6 JPA repository interfaces.
2025-11-03T13:21:31.875-06:00  INFO 3440 --- [GDOC Application] [JavaFX-Launcher] o.s.b.w.embedded.tomcat.TomcatWebServer  : Tomcat initialized with port 8080 (http)
2025-11-03T13:21:31.897-06:00  INFO 3440 --- [GDOC Application] [JavaFX-Launcher] o.apache.catalina.core.StandardService   : Starting service [Tomcat]
2025-11-03T13:21:31.897-06:00  INFO 3440 --- [GDOC Application] [JavaFX-Launcher] o.apache.catalina.core.StandardEngine    : Starting Servlet engine: [Apache Tomcat/10.1.16]
2025-11-03T13:21:32.035-06:00  INFO 3440 --- [GDOC Application] [JavaFX-Launcher] o.a.c.c.C.[Tomcat].[localhost].[/]       : Initializing Spring embedded WebApplicationContext
2025-11-03T13:21:32.036-06:00  INFO 3440 --- [GDOC Application] [JavaFX-Launcher] w.s.c.ServletWebServerApplicationContext : Root WebApplicationContext: initialization completed in 3437 ms
2025-11-03T13:21:32.497-06:00  INFO 3440 --- [GDOC Application] [JavaFX-Launcher] o.hibernate.jpa.internal.util.LogHelper  : HHH000204: Processing PersistenceUnitInfo [name: default]
2025-11-03T13:21:32.654-06:00  INFO 3440 --- [GDOC Application] [JavaFX-Launcher] org.hibernate.Version                    : HHH000412: Hibernate ORM core version 6.3.1.Final
2025-11-03T13:21:32.773-06:00  INFO 3440 --- [GDOC Application] [JavaFX-Launcher] o.h.c.internal.RegionFactoryInitiator    : HHH000026: Second-level cache disabled
2025-11-03T13:21:33.342-06:00  INFO 3440 --- [GDOC Application] [JavaFX-Launcher] o.s.o.j.p.SpringPersistenceUnitInfo      : No LoadTimeWeaver setup: ignoring JPA class transformer
2025-11-03T13:21:33.400-06:00  INFO 3440 --- [GDOC Application] [JavaFX-Launcher] com.zaxxer.hikari.HikariDataSource       : HikariPool-1 - Starting...
2025-11-03T13:21:33.886-06:00  INFO 3440 --- [GDOC Application] [JavaFX-Launcher] com.zaxxer.hikari.pool.HikariPool        : HikariPool-1 - Added connection com.mysql.cj.jdbc.ConnectionImpl@3f3a0515
2025-11-03T13:21:33.891-06:00  INFO 3440 --- [GDOC Application] [JavaFX-Launcher] com.zaxxer.hikari.HikariDataSource       : HikariPool-1 - Start completed.
2025-11-03T13:21:34.027-06:00  WARN 3440 --- [GDOC Application] [JavaFX-Launcher] org.hibernate.orm.deprecation            : HHH90000025: MySQL8Dialect does not need to be specified explicitly using 'hibernate.dialect' (remove the property setting and it will be selected by default)
2025-11-03T13:21:34.029-06:00  WARN 3440 --- [GDOC Application] [JavaFX-Launcher] org.hibernate.orm.deprecation            : HHH90000026: MySQL8Dialect has been deprecated; use org.hibernate.dialect.MySQLDialect instead
2025-11-03T13:21:35.989-06:00  INFO 3440 --- [GDOC Application] [JavaFX-Launcher] o.h.e.t.j.p.i.JtaPlatformInitiator       : HHH000489: No JTA platform available (set 'hibernate.transaction.jta.platform' to enable JTA platform integration)
2025-11-03T13:21:36.216-06:00  INFO 3440 --- [GDOC Application] [JavaFX-Launcher] j.LocalContainerEntityManagerFactoryBean : Initialized JPA EntityManagerFactory for persistence unit 'default'
2025-11-03T13:21:37.326-06:00  INFO 3440 --- [GDOC Application] [JavaFX-Launcher] o.s.d.j.r.query.QueryEnhancerFactory     : Hibernate is in classpath; If applicable, HQL parser will be used.
2025-11-03T13:21:39.380-06:00  WARN 3440 --- [GDOC Application] [JavaFX-Launcher] JpaBaseConfiguration$JpaWebConfiguration : spring.jpa.open-in-view is enabled by default. Therefore, database queries may be performed during view rendering. Explicitly configure spring.jpa.open-in-view to disable this warning
2025-11-03T13:21:40.080-06:00  INFO 3440 --- [GDOC Application] [JavaFX-Launcher] o.s.b.w.embedded.tomcat.TomcatWebServer  : Tomcat started on port 8080 (http) with context path ''
2025-11-03T13:21:40.093-06:00  INFO 3440 --- [GDOC Application] [JavaFX-Launcher] o.s.boot.SpringApplication               : Started application in 12.744 seconds (process running for 14.818)
2025-11-03T13:21:40.097-06:00  INFO 3440 --- [GDOC Application] [JavaFX-Launcher] com.gidoc.gdoc.HelloApplication          : Spring Boot inicializado correctamente
2025-11-03T13:21:40.269-06:00 DEBUG 3440 --- [GDOC Application] [JavaFX-Launcher] org.hibernate.SQL                        : 
    select
        u1_0.id,
        u1_0.activo,
        u1_0.administrador,
        u1_0.email,
        u1_0.fecha_creacion,
        u1_0.fecha_ultimo_acceso,
        u1_0.nombre_completo,
        u1_0.password,
        u1_0.username 
    from
        usuarios u1_0 
    where
        u1_0.activo=1 
        and u1_0.username=?
2025-11-03T13:21:40.370-06:00  INFO 3440 --- [GDOC Application] [JavaFX-Launcher] com.gidoc.gdoc.HelloApplication          : ✅ Usuario administrador ya existe
2025-11-03T13:21:40.406-06:00  INFO 3440 --- [GDOC Application] [JavaFX Application Thread] com.gidoc.gdoc.HelloApplication          : Iniciando aplicación JavaFX...
2025-11-03T13:21:41.426-06:00  INFO 3440 --- [GDOC Application] [JavaFX Application Thread] c.g.g.U.w.c.ApplicationManager           : Ventana de login mostrada correctamente
2025-11-03T13:21:41.427-06:00  INFO 3440 --- [GDOC Application] [JavaFX Application Thread] com.gidoc.gdoc.HelloApplication          : Aplicación JavaFX iniciada correctamente
2025-11-03T13:21:50.345-06:00 DEBUG 3440 --- [GDOC Application] [JavaFX Application Thread] org.hibernate.SQL                        : 
    select
        u1_0.id,
        u1_0.activo,
        u1_0.administrador,
        u1_0.email,
        u1_0.fecha_creacion,
        u1_0.fecha_ultimo_acceso,
        u1_0.nombre_completo,
        u1_0.password,
        u1_0.username 
    from
        usuarios u1_0 
    where
        u1_0.activo=1 
        and u1_0.username=?
2025-11-03T13:21:50.523-06:00 DEBUG 3440 --- [GDOC Application] [JavaFX Application Thread] org.hibernate.SQL                        : 
    select
        u1_0.id,
        u1_0.activo,
        u1_0.administrador,
        u1_0.email,
        u1_0.fecha_creacion,
        u1_0.fecha_ultimo_acceso,
        u1_0.nombre_completo,
        u1_0.password,
        u1_0.username,
        tr1_0.usuario_id,
        tr1_0.id,
        tr1_0.fecha_expiracion,
        tr1_0.token,
        tr1_0.utilizado 
    from
        usuarios u1_0 
    left join
        tokens_recuperacion tr1_0 
            on u1_0.id=tr1_0.usuario_id 
    where
        u1_0.id=?
2025-11-03T13:21:50.694-06:00 DEBUG 3440 --- [GDOC Application] [JavaFX Application Thread] org.hibernate.SQL                        : 
    update
        usuarios 
    set
        activo=?,
        administrador=?,
        email=?,
        fecha_creacion=?,
        fecha_ultimo_acceso=?,
        nombre_completo=?,
        password=?,
        username=? 
    where
        id=?
2025-11-03T13:21:50.734-06:00  INFO 3440 --- [GDOC Application] [JavaFX Application Thread] c.g.g.U.web.controllers.AuthController   : Usuario autenticado: admin
2025-11-03T13:21:50.737-06:00 DEBUG 3440 --- [GDOC Application] [JavaFX Application Thread] org.hibernate.SQL                        : 
    select
        u1_0.id,
        u1_0.activo,
        u1_0.administrador,
        u1_0.email,
        u1_0.fecha_creacion,
        u1_0.fecha_ultimo_acceso,
        u1_0.nombre_completo,
        u1_0.password,
        u1_0.username 
    from
        usuarios u1_0 
    where
        u1_0.activo=1 
        and u1_0.username=?
2025-11-03T13:21:51.742-06:00  INFO 3440 --- [GDOC Application] [JavaFX Application Thread] c.g.g.U.web.controllers.AuthController   : Redirigiendo al home para usuario: admin
2025-11-03T13:21:51.925-06:00  INFO 3440 --- [GDOC Application] [JavaFX Application Thread] c.g.g.U.web.controllers.HomeController   : HomeController inicializado correctamente
2025-11-03T13:21:52.917-06:00  INFO 3440 --- [GDOC Application] [JavaFX Application Thread] c.g.g.U.w.c.ApplicationManager           : Ventana de home mostrada para usuario: admin
2025-11-03T13:21:52.917-06:00  INFO 3440 --- [GDOC Application] [JavaFX Application Thread] c.g.g.U.web.controllers.AuthController   : Redirección completada exitosamente
2025-11-03T13:21:52.935-06:00  INFO 3440 --- [GDOC Application] [JavaFX Application Thread] c.g.g.U.web.controllers.HomeController   : Usuario restaurado automáticamente en initialize: admin
2025-11-03T13:21:53.108-06:00  INFO 3440 --- [GDOC Application] [JavaFX Application Thread] c.g.g.U.web.controllers.HomeController   : Formulario REGDOC cargado automáticamente con inyección Spring
2025-11-03T13:22:03.601-06:00  INFO 3440 --- [GDOC Application] [JavaFX Application Thread] c.g.g.U.web.controllers.HomeController   : Abriendo Enfermedades Graves
2025-11-03T13:22:03.659-06:00 ERROR 3440 --- [GDOC Application] [JavaFX Application Thread] c.g.g.U.w.c.ApplicationManager           : Error al cambiar vista: /Views/EnfGra.fxml

javafx.fxml.LoadException: 
/C:/Users/Kevin%20Alexander/Desktop/PROYECTO%20DEPA2/GDOC/target/classes/Views/EnfGra.fxml

	at javafx.fxml/javafx.fxml.FXMLLoader.constructLoadException(FXMLLoader.java:2722) ~[javafx.fxml:na]
	at javafx.fxml/javafx.fxml.FXMLLoader.loadImpl(FXMLLoader.java:2692) ~[javafx.fxml:na]
	at javafx.fxml/javafx.fxml.FXMLLoader.loadImpl(FXMLLoader.java:2563) ~[javafx.fxml:na]
	at javafx.fxml/javafx.fxml.FXMLLoader.load(FXMLLoader.java:2531) ~[javafx.fxml:na]
	at com.gidoc.gdoc.Usuarios.web.controllers.ApplicationManager.cambiarVista(ApplicationManager.java:106) ~[classes/:na]
	at com.gidoc.gdoc.Usuarios.web.controllers.HomeController.abrirEnfermedadesGraves(HomeController.java:209) ~[classes/:na]
	at java.base/jdk.internal.reflect.DirectMethodHandleAccessor.invoke(DirectMethodHandleAccessor.java:103) ~[na:na]
	at java.base/java.lang.reflect.Method.invoke(Method.java:580) ~[na:na]
	at com.sun.javafx.reflect.Trampoline.invoke(MethodUtil.java:72) ~[javafx.base:na]
	at java.base/jdk.internal.reflect.DirectMethodHandleAccessor.invoke(DirectMethodHandleAccessor.java:103) ~[na:na]
	at java.base/java.lang.reflect.Method.invoke(Method.java:580) ~[na:na]
	at javafx.base/com.sun.javafx.reflect.MethodUtil.invoke(MethodUtil.java:270) ~[javafx.base:na]
	at javafx.fxml/com.sun.javafx.fxml.MethodHelper.invoke(MethodHelper.java:84) ~[javafx.fxml:na]
	at javafx.fxml/javafx.fxml.FXMLLoader$MethodHandler.invoke(FXMLLoader.java:1855) ~[javafx.fxml:na]
	at javafx.fxml/javafx.fxml.FXMLLoader$ControllerMethodEventHandler.handle(FXMLLoader.java:1726) ~[javafx.fxml:na]
	at javafx.base/com.sun.javafx.event.CompositeEventHandler.dispatchBubblingEvent(CompositeEventHandler.java:86) ~[javafx.base:na]
	at javafx.base/com.sun.javafx.event.EventHandlerManager.dispatchBubblingEvent(EventHandlerManager.java:232) ~[javafx.base:na]
	at javafx.base/com.sun.javafx.event.EventHandlerManager.dispatchBubblingEvent(EventHandlerManager.java:189) ~[javafx.base:na]
	at javafx.base/com.sun.javafx.event.CompositeEventDispatcher.dispatchBubblingEvent(CompositeEventDispatcher.java:59) ~[javafx.base:na]
	at javafx.base/com.sun.javafx.event.BasicEventDispatcher.dispatchEvent(BasicEventDispatcher.java:58) ~[javafx.base:na]
	at javafx.base/com.sun.javafx.event.EventDispatchChainImpl.dispatchEvent(EventDispatchChainImpl.java:114) ~[javafx.base:na]
	at javafx.base/com.sun.javafx.event.BasicEventDispatcher.dispatchEvent(BasicEventDispatcher.java:56) ~[javafx.base:na]
	at javafx.base/com.sun.javafx.event.EventDispatchChainImpl.dispatchEvent(EventDispatchChainImpl.java:114) ~[javafx.base:na]
	at javafx.base/com.sun.javafx.event.BasicEventDispatcher.dispatchEvent(BasicEventDispatcher.java:56) ~[javafx.base:na]
	at javafx.base/com.sun.javafx.event.EventDispatchChainImpl.dispatchEvent(EventDispatchChainImpl.java:114) ~[javafx.base:na]
	at javafx.base/com.sun.javafx.event.BasicEventDispatcher.dispatchEvent(BasicEventDispatcher.java:56) ~[javafx.base:na]
	at javafx.base/com.sun.javafx.event.EventDispatchChainImpl.dispatchEvent(EventDispatchChainImpl.java:114) ~[javafx.base:na]
	at javafx.base/com.sun.javafx.event.BasicEventDispatcher.dispatchEvent(BasicEventDispatcher.java:56) ~[javafx.base:na]
	at javafx.base/com.sun.javafx.event.EventDispatchChainImpl.dispatchEvent(EventDispatchChainImpl.java:114) ~[javafx.base:na]
	at javafx.base/com.sun.javafx.event.BasicEventDispatcher.dispatchEvent(BasicEventDispatcher.java:56) ~[javafx.base:na]
	at javafx.base/com.sun.javafx.event.EventDispatchChainImpl.dispatchEvent(EventDispatchChainImpl.java:114) ~[javafx.base:na]
	at javafx.base/com.sun.javafx.event.EventUtil.fireEventImpl(EventUtil.java:74) ~[javafx.base:na]
	at javafx.base/com.sun.javafx.event.EventUtil.fireEvent(EventUtil.java:49) ~[javafx.base:na]
	at javafx.base/javafx.event.Event.fireEvent(Event.java:198) ~[javafx.base:na]
	at javafx.graphics/javafx.scene.Node.fireEvent(Node.java:8875) ~[javafx.graphics:na]
	at javafx.controls/javafx.scene.control.Button.fire(Button.java:203) ~[javafx.controls:na]
	at javafx.controls/com.sun.javafx.scene.control.behavior.ButtonBehavior.mouseReleased(ButtonBehavior.java:207) ~[javafx.controls:na]
	at javafx.controls/com.sun.javafx.scene.control.inputmap.InputMap.handle(InputMap.java:274) ~[javafx.controls:na]
	at javafx.base/com.sun.javafx.event.CompositeEventHandler$NormalEventHandlerRecord.handleBubblingEvent(CompositeEventHandler.java:247) ~[javafx.base:na]
	at javafx.base/com.sun.javafx.event.CompositeEventHandler.dispatchBubblingEvent(CompositeEventHandler.java:80) ~[javafx.base:na]
	at javafx.base/com.sun.javafx.event.EventHandlerManager.dispatchBubblingEvent(EventHandlerManager.java:232) ~[javafx.base:na]
	at javafx.base/com.sun.javafx.event.EventHandlerManager.dispatchBubblingEvent(EventHandlerManager.java:189) ~[javafx.base:na]
	at javafx.base/com.sun.javafx.event.CompositeEventDispatcher.dispatchBubblingEvent(CompositeEventDispatcher.java:59) ~[javafx.base:na]
	at javafx.base/com.sun.javafx.event.BasicEventDispatcher.dispatchEvent(BasicEventDispatcher.java:58) ~[javafx.base:na]
	at javafx.base/com.sun.javafx.event.EventDispatchChainImpl.dispatchEvent(EventDispatchChainImpl.java:114) ~[javafx.base:na]
	at javafx.base/com.sun.javafx.event.BasicEventDispatcher.dispatchEvent(BasicEventDispatcher.java:56) ~[javafx.base:na]
	at javafx.base/com.sun.javafx.event.EventDispatchChainImpl.dispatchEvent(EventDispatchChainImpl.java:114) ~[javafx.base:na]
	at javafx.base/com.sun.javafx.event.BasicEventDispatcher.dispatchEvent(BasicEventDispatcher.java:56) ~[javafx.base:na]
	at javafx.base/com.sun.javafx.event.EventDispatchChainImpl.dispatchEvent(EventDispatchChainImpl.java:114) ~[javafx.base:na]
	at javafx.base/com.sun.javafx.event.BasicEventDispatcher.dispatchEvent(BasicEventDispatcher.java:56) ~[javafx.base:na]
	at javafx.base/com.sun.javafx.event.EventDispatchChainImpl.dispatchEvent(EventDispatchChainImpl.java:114) ~[javafx.base:na]
	at javafx.base/com.sun.javafx.event.BasicEventDispatcher.dispatchEvent(BasicEventDispatcher.java:56) ~[javafx.base:na]
	at javafx.base/com.sun.javafx.event.EventDispatchChainImpl.dispatchEvent(EventDispatchChainImpl.java:114) ~[javafx.base:na]
	at javafx.base/com.sun.javafx.event.BasicEventDispatcher.dispatchEvent(BasicEventDispatcher.java:56) ~[javafx.base:na]
	at javafx.base/com.sun.javafx.event.EventDispatchChainImpl.dispatchEvent(EventDispatchChainImpl.java:114) ~[javafx.base:na]
	at javafx.base/com.sun.javafx.event.EventUtil.fireEventImpl(EventUtil.java:74) ~[javafx.base:na]
	at javafx.base/com.sun.javafx.event.EventUtil.fireEvent(EventUtil.java:54) ~[javafx.base:na]
	at javafx.base/javafx.event.Event.fireEvent(Event.java:198) ~[javafx.base:na]
	at javafx.graphics/javafx.scene.Scene$MouseHandler.process(Scene.java:3984) ~[javafx.graphics:na]
	at javafx.graphics/javafx.scene.Scene.processMouseEvent(Scene.java:1890) ~[javafx.graphics:na]
	at javafx.graphics/javafx.scene.Scene$ScenePeerListener.mouseEvent(Scene.java:2708) ~[javafx.graphics:na]
	at javafx.graphics/com.sun.javafx.tk.quantum.GlassViewEventHandler$MouseEventNotification.run(GlassViewEventHandler.java:411) ~[javafx.graphics:na]
	at javafx.graphics/com.sun.javafx.tk.quantum.GlassViewEventHandler$MouseEventNotification.run(GlassViewEventHandler.java:301) ~[javafx.graphics:na]
	at java.base/java.security.AccessController.doPrivileged(AccessController.java:400) ~[na:na]
	at javafx.graphics/com.sun.javafx.tk.quantum.GlassViewEventHandler.lambda$handleMouseEvent$2(GlassViewEventHandler.java:450) ~[javafx.graphics:na]
	at javafx.graphics/com.sun.javafx.tk.quantum.QuantumToolkit.runWithoutRenderLock(QuantumToolkit.java:424) ~[javafx.graphics:na]
	at javafx.graphics/com.sun.javafx.tk.quantum.GlassViewEventHandler.handleMouseEvent(GlassViewEventHandler.java:449) ~[javafx.graphics:na]
	at javafx.graphics/com.sun.glass.ui.View.handleMouseEvent(View.java:551) ~[javafx.graphics:na]
	at javafx.graphics/com.sun.glass.ui.View.notifyMouse(View.java:937) ~[javafx.graphics:na]
	at javafx.graphics/com.sun.glass.ui.win.WinApplication._runLoop(Native Method) ~[javafx.graphics:na]
	at javafx.graphics/com.sun.glass.ui.win.WinApplication.lambda$runLoop$3(WinApplication.java:185) ~[javafx.graphics:na]
	at java.base/java.lang.Thread.run(Thread.java:1583) ~[na:na]
Caused by: java.lang.reflect.InvocationTargetException: null
	at java.base/jdk.internal.reflect.DirectMethodHandleAccessor.invoke(DirectMethodHandleAccessor.java:115) ~[na:na]
	at java.base/java.lang.reflect.Method.invoke(Method.java:580) ~[na:na]
	at com.sun.javafx.reflect.Trampoline.invoke(MethodUtil.java:72) ~[javafx.base:na]
	at java.base/jdk.internal.reflect.DirectMethodHandleAccessor.invoke(DirectMethodHandleAccessor.java:103) ~[na:na]
	at java.base/java.lang.reflect.Method.invoke(Method.java:580) ~[na:na]
	at javafx.base/com.sun.javafx.reflect.MethodUtil.invoke(MethodUtil.java:270) ~[javafx.base:na]
	at javafx.fxml/com.sun.javafx.fxml.MethodHelper.invoke(MethodHelper.java:84) ~[javafx.fxml:na]
	at javafx.fxml/javafx.fxml.FXMLLoader.loadImpl(FXMLLoader.java:2688) ~[javafx.fxml:na]
	... 70 common frames omitted
Caused by: java.lang.NullPointerException: Cannot invoke "javafx.scene.control.TableColumn.setCellValueFactory(javafx.util.Callback)" because "this.colInfra" is null
	at com.gidoc.gdoc.Resp.ENFGRA.web.controllers.EnfGraController.initialize(EnfGraController.java:63) ~[classes/:na]
	at java.base/jdk.internal.reflect.DirectMethodHandleAccessor.invoke(DirectMethodHandleAccessor.java:103) ~[na:na]
	... 77 common frames omitted

2025-11-03T13:22:05.591-06:00  INFO 3440 --- [GDOC Application] [JavaFX Application Thread] c.g.g.U.w.c.ApplicationManager           : Ventana de login mostrada correctamente
2025-11-03T13:22:09.379-06:00  INFO 3440 --- [GDOC Application] [JavaFX Application Thread] c.g.g.U.w.c.ApplicationManager           : Aplicación cerrada desde login
2025-11-03T13:22:09.403-06:00  INFO 3440 --- [GDOC Application] [JavaFX Application Thread] com.gidoc.gdoc.HelloApplication          : Deteniendo aplicación...
2025-11-03T13:22:09.435-06:00  INFO 3440 --- [GDOC Application] [JavaFX Application Thread] j.LocalContainerEntityManagerFactoryBean : Closing JPA EntityManagerFactory for persistence unit 'default'
2025-11-03T13:22:09.441-06:00  INFO 3440 --- [GDOC Application] [JavaFX Application Thread] com.zaxxer.hikari.HikariDataSource       : HikariPool-1 - Shutdown initiated...
2025-11-03T13:22:09.466-06:00  INFO 3440 --- [GDOC Application] [JavaFX Application Thread] com.zaxxer.hikari.HikariDataSource       : HikariPool-1 - Shutdown completed.
